================================================================================
 FRONTIER ENGINE DIAGNOSTIC LOG — RaceSessionLog
================================================================================
[2026-09-02 14:36:25.945] [   INFO] [   GameLifecycle] Launching Project-F20 session...
[2026-09-02 14:36:26.077] [   INFO] [   GameLifecycle] Game launched successfully. Starting race simulation.
[2026-09-02 14:36:26.142] [   INFO] [TelemetryMetrics] Measurement: SpeedKph = 0.376957 [km/h]
[2026-09-02 14:36:26.142] [   INFO] [TelemetryMetrics] Measurement: EngineRpm = 1010.1 [RPM]
[2026-09-02 14:36:26.162] [   INFO] [TelemetryMetrics] Measurement: SpeedKph = 0.753913 [km/h]
[2026-09-02 14:36:26.162] [   INFO] [TelemetryMetrics] Measurement: EngineRpm = 1020.19 [RPM]
[2026-09-02 14:36:26.181] [   INFO] [TelemetryMetrics] Measurement: SpeedKph = 1.13087 [km/h]
[2026-09-02 14:36:26.181] [   INFO] [TelemetryMetrics] Measurement: EngineRpm = 1030.29 [RPM]
[2026-09-02 14:36:26.200] [   INFO] [TelemetryMetrics] Measurement: SpeedKph = 1.50782 [km/h]
[2026-09-02 14:36:26.200] [   INFO] [TelemetryMetrics] Measurement: EngineRpm = 1040.39 [RPM]
[2026-09-02 14:36:26.218] [   INFO] [TelemetryMetrics] Measurement: SpeedKph = 1.88478 [km/h]
[2026-09-02 14:36:26.218] [   INFO] [TelemetryMetrics] Measurement: EngineRpm = 1050.49 [RPM]
[2026-09-02 14:36:26.236] [   INFO] [TelemetryMetrics] Measurement: SpeedKph = 2.26173 [km/h]
[2026-09-02 14:36:26.236] [   INFO] [TelemetryMetrics] Measurement: EngineRpm = 1060.58 [RPM]
[2026-09-02 14:36:26.253] [   INFO] [TelemetryMetrics] Measurement: SpeedKph = 2.63867 [km/h]
[2026-09-02 14:36:26.253] [   INFO] [TelemetryMetrics] Measurement: EngineRpm = 1070.68 [RPM]
[2026-09-02 14:36:26.273] [   INFO] [TelemetryMetrics] Measurement: SpeedKph = 3.01562 [km/h]
[2026-09-02 14:36:26.273] [   INFO] [TelemetryMetrics] Measurement: EngineRpm = 1080.78 [RPM]
[2026-09-02 14:36:26.302] [   INFO] [TelemetryMetrics] Measurement: SpeedKph = 3.39256 [km/h]
[2026-09-02 14:36:26.302] [   INFO] [TelemetryMetrics] Measurement: EngineRpm = 1090.87 [RPM]
[2026-09-02 14:36:26.337] [   INFO] [TelemetryMetrics] Measurement: SpeedKph = 3.7695 [km/h]
[2026-09-02 14:36:26.337] [   INFO] [TelemetryMetrics] Measurement: EngineRpm = 1100.97 [RPM]
[2026-09-02 14:36:26.337] [   INFO] [   GameLifecycle] Race session completed successfully.
